// Jest Snapshot v1, https://goo.gl/fbAQLP

exports[`MenuMeals component should render MenuMeals component correctly 1`] = `
<div>
  <div
    className="container"
  >
    <CatererHeader />
    <div
      className="wrapper"
    >
      <div
        className="wrapper search"
      >
        <label>
          Search by date
        </label>
        <input
          onChange={[Function]}
          type="date"
        />
      </div>
      <div
        className="row"
      >
        <div
          className="c-medium-3 c-xsmall-12 c-3"
          id="pd-0"
          key="0"
        >
          <div
            className="box"
          >
            <div
              id="menu-image"
            >
              <img
                alt="Avatar"
                src="https://res.cloudinary.com/sansaristic/image/upload/v1536197477/BookMeal/1536197474332pexels-photo-247685.png.png"
              />
            </div>
            <div
              className="box-body"
            >
              <div
                className="row"
              >
                <div
                  className="c-medium-12 c-xsmall-12 text-center"
                  id="pd-0"
                >
                  <p>
                    <i>
                      Stephen's Shop
                    </i>
                  </p>
                  <p>
                    <b>
                      Fried Rice and chicken Lap
                    </b>
                  </p>
                  <p>
                    Price 
                    3000
                  </p>
                </div>
              </div>
              <div
                className="row"
              >
                <div
                  className="c-medium-12 c-xsmall-12 text-center"
                  id="pd-0"
                />
              </div>
            </div>
          </div>
        </div>
        <div
          className="c-medium-3 c-xsmall-12 c-3"
          id="pd-0"
          key="1"
        >
          <div
            className="box"
          >
            <div
              id="menu-image"
            >
              <img
                alt="Avatar"
                src="https://res.cloudinary.com/sansaristic/image/upload/v1536198430/BookMeal/1536198429005images.jpeg.jpg"
              />
            </div>
            <div
              className="box-body"
            >
              <div
                className="row"
              >
                <div
                  className="c-medium-12 c-xsmall-12 text-center"
                  id="pd-0"
                >
                  <p>
                    <i>
                      Stephen's Shop
                    </i>
                  </p>
                  <p>
                    <b>
                      Ewa Aganhin with Fish
                    </b>
                  </p>
                  <p>
                    Price 
                    2500
                  </p>
                </div>
              </div>
              <div
                className="row"
              >
                <div
                  className="c-medium-12 c-xsmall-12 text-center"
                  id="pd-0"
                />
              </div>
            </div>
          </div>
        </div>
        <div
          className="c-medium-3 c-xsmall-12 c-3"
          id="pd-0"
          key="2"
        >
          <div
            className="box"
          >
            <div
              id="menu-image"
            >
              <img
                alt="Avatar"
                src="https://res.cloudinary.com/sansaristic/image/upload/v1536198463/BookMeal/1536198460052pexels-photo-247685.png.png"
              />
            </div>
            <div
              className="box-body"
            >
              <div
                className="row"
              >
                <div
                  className="c-medium-12 c-xsmall-12 text-center"
                  id="pd-0"
                >
                  <p>
                    <i>
                      Stephen's Shop
                    </i>
                  </p>
                  <p>
                    <b>
                      Garri
                    </b>
                  </p>
                  <p>
                    Price 
                    2000
                  </p>
                </div>
              </div>
              <div
                className="row"
              >
                <div
                  className="c-medium-12 c-xsmall-12 text-center"
                  id="pd-0"
                />
              </div>
            </div>
          </div>
        </div>
      </div>
      <br />
    </div>
  </div>
  <br />
</div>
`;
