// Jest Snapshot v1, https://goo.gl/fbAQLP

exports[`Footer component should render Footer component correctly 1`] = `
<footer>
  <div
    className="copyright"
  >
    <p>
      Â© 2018 Book-A-Meal 
      <i>
        designed by
      </i>
       Jacob Nouwatin
    </p>
  </div>
</footer>
`;
